// Jest Snapshot v1, https://goo.gl/fbAQLP

exports[`tailwind defaultConfig is accessible 1`] = `
{
  "corePlugins": {
    "backgroundOpacity": false,
    "borderOpacity": false,
    "placeholderOpacity": false,
  },
  "theme": {
    "backgroundColor": {
      "black": "#000000",
      "fair-deal": "#EAA403",
      "good-deal": "#81B040",
      "great-deal": "#149246",
      "green-bright": "#0DC143",
      "green-dark": "#149246",
      "green-light": "#74CC74",
      "green-opaque": "#E3F4E3",
      "grey-1": "#EBEFF1",
      "grey-2": "#D7DBDF",
      "grey-3": "#A1A7AF",
      "grey-4": "#6F7681",
      "grey-bright": "#F9F9FB",
      "grey-dark": "#232A36",
      "grey-dark-opaque": "#A7AAAF",
      "high-deal": "#E34A15",
      "not-defined": "#A0A7AB",
      "salmon": "#F73B47",
      "salmon-dark": "#ED202D",
      "salmon-light": "#FDE8EA",
      "teal": "#3696B9",
      "teal-bright": "#AFD5E3",
      "teal-dark": "#227D9E",
      "teal-darker": "#1A6072",
      "teal-light": "#D7EAF1",
      "teal-opaque": "#5EABC7",
      "transparent": "transparent",
      "white": "#FFFFFF",
      "yellow": "#FCB001",
      "yellow-light": "#FEEFCC",
    },
    "backgroundPosition": {
      "bottom": "bottom",
      "center": "center",
      "left": "left",
      "left-bottom": "left bottom",
      "left-top": "left top",
      "right": "right",
      "right-bottom": "right bottom",
      "right-top": "right top",
      "top": "top",
    },
    "backgroundSize": {
      "contain": "contain",
      "cover": "cover",
    },
    "borderColor": {
      "DEFAULT": undefined,
      "black": "#000000",
      "fair-deal": "#EAA403",
      "good-deal": "#81B040",
      "great-deal": "#149246",
      "green-bright": "#0DC143",
      "green-dark": "#149246",
      "green-light": "#74CC74",
      "green-opaque": "#E3F4E3",
      "grey-1": "#EBEFF1",
      "grey-2": "#D7DBDF",
      "grey-3": "#A1A7AF",
      "grey-4": "#6F7681",
      "grey-bright": "#F9F9FB",
      "grey-dark": "#232A36",
      "grey-dark-opaque": "#A7AAAF",
      "high-deal": "#E34A15",
      "not-defined": "#A0A7AB",
      "salmon": "#F73B47",
      "salmon-dark": "#ED202D",
      "salmon-light": "#FDE8EA",
      "teal": "#3696B9",
      "teal-bright": "#AFD5E3",
      "teal-dark": "#227D9E",
      "teal-darker": "#1A6072",
      "teal-light": "#D7EAF1",
      "teal-opaque": "#5EABC7",
      "transparent": "transparent",
      "white": "#FFFFFF",
      "yellow": "#FCB001",
      "yellow-light": "#FEEFCC",
    },
    "borderRadius": {
      "10": "10px",
      "2": "2px",
      "20": "20px",
      "4": "4px",
      "6": "6px",
      "8": "8px",
      "full": "9999px",
      "half": "50%",
      "none": "0",
    },
    "borderWidth": {
      "0": "0",
      "2": "2px",
      "5": "5px",
      "DEFAULT": "1px",
    },
    "boxShadow": {
      "DEFAULT": "0 2px 4px 0 rgba(0,0,0,0.10)",
      "hard": "0 4px 18px 0 rgba(35,42,54,0.4)",
      "none": "none",
      "small": "0 2px 6px 0 rgba(35,42,54,0.1)",
      "soft": "0 4px 18px 0 rgba(35,42,54,0.1)",
    },
    "colors": {
      "black": "#000000",
      "fair-deal": "#EAA403",
      "good-deal": "#81B040",
      "great-deal": "#149246",
      "green-bright": "#0DC143",
      "green-dark": "#149246",
      "green-light": "#74CC74",
      "green-opaque": "#E3F4E3",
      "grey-1": "#EBEFF1",
      "grey-2": "#D7DBDF",
      "grey-3": "#A1A7AF",
      "grey-4": "#6F7681",
      "grey-bright": "#F9F9FB",
      "grey-dark": "#232A36",
      "grey-dark-opaque": "#A7AAAF",
      "high-deal": "#E34A15",
      "not-defined": "#A0A7AB",
      "salmon": "#F73B47",
      "salmon-dark": "#ED202D",
      "salmon-light": "#FDE8EA",
      "teal": "#3696B9",
      "teal-bright": "#AFD5E3",
      "teal-dark": "#227D9E",
      "teal-darker": "#1A6072",
      "teal-light": "#D7EAF1",
      "teal-opaque": "#5EABC7",
      "transparent": "transparent",
      "white": "#FFFFFF",
      "yellow": "#FCB001",
      "yellow-light": "#FEEFCC",
    },
    "divideColor": [Function],
    "divideWidth": {
      "0": "0",
      "2": "2px",
      "5": "5px",
      "DEFAULT": "1px",
    },
    "fontFamily": {
      "sans": [
        "Muli, Century Gothic, Lucida Grande, Sans-Serif",
      ],
    },
    "fontSize": {
      "2xl": "32px",
      "3xl": "48px",
      "base": "16px",
      "lg": "21px",
      "md": "18px",
      "sm": "14px",
      "xl": "24px",
      "xs": "12px",
      "xxs": "10px",
    },
    "fontWeight": {
      "bold": 700,
      "regular": 400,
    },
    "gradientColorStops": {
      "black": "#000000",
      "fair-deal": "#EAA403",
      "good-deal": "#81B040",
      "great-deal": "#149246",
      "green-bright": "#0DC143",
      "green-dark": "#149246",
      "green-light": "#74CC74",
      "green-opaque": "#E3F4E3",
      "grey-1": "#EBEFF1",
      "grey-2": "#D7DBDF",
      "grey-3": "#A1A7AF",
      "grey-4": "#6F7681",
      "grey-bright": "#F9F9FB",
      "grey-dark": "#232A36",
      "grey-dark-opaque": "#A7AAAF",
      "high-deal": "#E34A15",
      "not-defined": "#A0A7AB",
      "salmon": "#F73B47",
      "salmon-dark": "#ED202D",
      "salmon-light": "#FDE8EA",
      "stoneGray": "rgba(0, 0, 0, 0.5)",
      "teal": "#3696B9",
      "teal-bright": "#AFD5E3",
      "teal-dark": "#227D9E",
      "teal-darker": "#1A6072",
      "teal-light": "#D7EAF1",
      "teal-opaque": "#5EABC7",
      "transparent": "transparent",
      "white": "#FFFFFF",
      "yellow": "#FCB001",
      "yellow-light": "#FEEFCC",
    },
    "height": {
      "0": "0",
      "10": "10px",
      "12": "12px",
      "15": "15px",
      "16": "16px",
      "20": "20px",
      "25": "25px",
      "3": "3px",
      "30": "30px",
      "4": "4px",
      "40": "40px",
      "5": "5px",
      "auto": "auto",
      "checkbox": "24px",
      "full": "100%",
      "input": "52px",
      "rangeFilterChart": "118px",
      "screen": "100vh",
      "scrollbar": "70px",
    },
    "inset": {
      "-floatingLabel": "-13px",
      "0": "0",
      "10": "10px",
      "12": "12px",
      "15": "15px",
      "16": "16px",
      "20": "20px",
      "25": "25px",
      "3": "3px",
      "30": "30px",
      "40": "40px",
      "5": "5px",
      "8": "8px",
      "auto": "auto",
      "floatingLabel": "13px",
      "full": "100%",
      "half": "50%",
      "requiredIndicator": "5px",
    },
    "letterSpacing": {
      "normal": "0",
      "wide": "1px",
      "wider": "2px",
    },
    "lineHeight": {
      "label": "24px",
      "md": 2,
      "none": 1,
      "sm": 1.5,
      "xs": 1.25,
      "xxs": 0.9,
    },
    "margin": {
      "-1": "-1px",
      "-10": "-10px",
      "-20": "-20px",
      "-40": "-40px",
      "-45": "-45px",
      "-5": "-5px",
      "-selectMenu": "-21px",
      "-selectWithHintMenu": "-43px",
      "0": "0",
      "10": "10px",
      "12": "12px",
      "15": "15px",
      "16": "16px",
      "20": "20px",
      "22": "22px",
      "25": "25px",
      "3": "3px",
      "30": "30px",
      "40": "40px",
      "5": "5px",
      "60": "60px",
      "80": "80px",
      "90": "90px",
      "auto": "auto",
      "px": "1px",
    },
    "maxHeight": {
      "dropdown": "240px",
      "dropdownSM": "190px",
      "full": "100%",
    },
    "maxWidth": {
      "container": "1200px",
      "full": "100%",
    },
    "minHeight": {
      "36": "36px",
      "40": "40px",
      "52": "52px",
      "auto": "auto",
      "full": "100%",
      "screen": "100vh",
    },
    "minWidth": {},
    "opacity": {
      "0": "0",
      "10": ".1",
      "100": "1",
      "20": ".2",
      "40": ".4",
      "60": ".6",
      "80": ".8",
    },
    "padding": {
      "0": "0",
      "10": "10px",
      "12": "12px",
      "13": "13px",
      "14": "14px",
      "15": "15px",
      "16": "16px",
      "20": "20px",
      "25": "25px",
      "3": "3px",
      "30": "30px",
      "40": "40px",
      "5": "5px",
      "8": "8px",
      "px": "1px",
    },
    "rotate": {
      "180": "180deg",
      "270": "270deg",
      "90": "90deg",
    },
    "screens": {
      "lg": "1024px",
      "md": "768px",
      "sm": "576px",
      "xl": "1280px",
      "xs": "480px",
      "xxs": "375px",
    },
    "spacing": {
      "0": "0",
      "10": "10px",
      "12": "12px",
      "15": "15px",
      "16": "16px",
      "20": "20px",
      "25": "25px",
      "3": "3px",
      "30": "30px",
      "40": "40px",
      "5": "5px",
    },
    "textColor": {
      "black": "#000000",
      "fair-deal": "#EAA403",
      "good-deal": "#81B040",
      "great-deal": "#149246",
      "green-bright": "#0DC143",
      "green-dark": "#149246",
      "green-light": "#74CC74",
      "green-opaque": "#E3F4E3",
      "grey-1": "#EBEFF1",
      "grey-2": "#D7DBDF",
      "grey-3": "#A1A7AF",
      "grey-4": "#6F7681",
      "grey-bright": "#F9F9FB",
      "grey-dark": "#232A36",
      "grey-dark-opaque": "#A7AAAF",
      "high-deal": "#E34A15",
      "not-defined": "#A0A7AB",
      "salmon": "#F73B47",
      "salmon-dark": "#ED202D",
      "salmon-light": "#FDE8EA",
      "teal": "#3696B9",
      "teal-bright": "#AFD5E3",
      "teal-dark": "#227D9E",
      "teal-darker": "#1A6072",
      "teal-light": "#D7EAF1",
      "teal-opaque": "#5EABC7",
      "transparent": "transparent",
      "white": "#FFFFFF",
      "yellow": "#FCB001",
      "yellow-light": "#FEEFCC",
    },
    "transitionDuration": {
      "200": "200ms",
    },
    "width": {
      "0": "0",
      "1/12": "8.33333333%",
      "10": "10px",
      "10/12": "83.33333%",
      "11/12": "91.66666667%",
      "12": "12px",
      "12/12": "100%",
      "15": "15px",
      "16": "16px",
      "2/12": "16.66667%",
      "20": "20px",
      "25": "25px",
      "3": "3px",
      "3/12": "25%",
      "30": "30px",
      "4/12": "33.33333%",
      "40": "40px",
      "5": "5px",
      "5/12": "41.66666667%",
      "6/12": "50%",
      "7/12": "58.33333333%",
      "8/12": "66.66667%",
      "9/12": "75%",
      "auto": "auto",
      "checkbox": "24px",
      "clearButton": "32px",
      "modal": "570px",
      "modalLarge": "770px",
      "modalSmall": "370px",
      "screen": "100vw",
      "scrollbar": "14px",
    },
    "zIndex": {
      "1": 1,
      "card": 10,
      "dropdownMenu": 20,
      "flashMessage": 99,
      "intercom": 10,
      "modal": 98,
      "modalClose": 10,
      "negative": -1,
    },
  },
  "variants": {
    "alignContent": [
      "responsive",
    ],
    "alignItems": [
      "responsive",
    ],
    "alignSelf": [
      "responsive",
    ],
    "appearance": [
      "responsive",
    ],
    "backgroundAttachment": [
      "responsive",
    ],
    "backgroundColor": [
      "responsive",
      "hover",
      "focus",
      "active",
    ],
    "backgroundPosition": [
      "responsive",
    ],
    "backgroundRepeat": [
      "responsive",
    ],
    "backgroundSize": [
      "responsive",
    ],
    "borderCollapse": [
      "responsive",
    ],
    "borderColor": [
      "responsive",
      "hover",
      "focus",
      "focus-within",
    ],
    "borderRadius": [
      "responsive",
    ],
    "borderStyle": [
      "responsive",
    ],
    "borderWidth": [
      "responsive",
      "hover",
    ],
    "boxShadow": [
      "responsive",
      "hover",
      "focus",
    ],
    "cursor": [
      "responsive",
    ],
    "display": [
      "responsive",
    ],
    "divideColor": [
      "responsive",
    ],
    "divideWidth": [
      "responsive",
    ],
    "fill": [
      "responsive",
    ],
    "flex": [
      "responsive",
    ],
    "flexDirection": [
      "responsive",
    ],
    "flexGrow": [
      "responsive",
    ],
    "flexShrink": [
      "responsive",
    ],
    "flexWrap": [
      "responsive",
    ],
    "float": [
      "responsive",
    ],
    "fontFamily": [
      "responsive",
    ],
    "fontSize": [
      "responsive",
    ],
    "fontSmoothing": [
      "responsive",
    ],
    "fontStyle": [
      "responsive",
    ],
    "fontWeight": [
      "responsive",
      "hover",
      "focus",
    ],
    "gap": [
      "responsive",
    ],
    "gradientColorStops": [
      "responsive",
    ],
    "height": [
      "responsive",
    ],
    "inset": [
      "responsive",
    ],
    "justifyContent": [
      "responsive",
    ],
    "letterSpacing": [
      "responsive",
    ],
    "lineHeight": [
      "responsive",
    ],
    "listStylePosition": [
      "responsive",
    ],
    "listStyleType": [
      "responsive",
    ],
    "margin": [
      "responsive",
    ],
    "maxHeight": [
      "responsive",
    ],
    "maxWidth": [
      "responsive",
    ],
    "minHeight": [
      "responsive",
    ],
    "minWidth": [
      "responsive",
    ],
    "objectFit": [
      "responsive",
    ],
    "objectPosition": [
      "responsive",
    ],
    "opacity": [
      "responsive",
      "hover",
    ],
    "order": [
      "responsive",
    ],
    "outline": [
      "responsive",
      "focus",
    ],
    "overflow": [
      "responsive",
    ],
    "padding": [
      "responsive",
    ],
    "pointerEvents": [
      "responsive",
    ],
    "position": [
      "responsive",
    ],
    "resize": [
      "responsive",
    ],
    "rotate": [
      "responsive",
    ],
    "scale": [
      "responsive",
      "hover",
      "focus",
    ],
    "skew": [
      "responsive",
      "hover",
      "focus",
    ],
    "space": [
      "responsive",
    ],
    "stroke": [
      "responsive",
    ],
    "tableLayout": [
      "responsive",
    ],
    "textAlign": [
      "responsive",
    ],
    "textColor": [
      "responsive",
      "hover",
      "focus",
      "focus-within",
    ],
    "textDecoration": [
      "responsive",
      "hover",
      "focus",
    ],
    "textOverflow": [
      "responsive",
    ],
    "textTransform": [
      "responsive",
    ],
    "transitionDuration": [
      "responsive",
      "hover",
    ],
    "transitionProperty": [
      "responsive",
      "hover",
    ],
    "transitionTimingFunction": [
      "responsive",
      "hover",
    ],
    "translate": [
      "responsive",
      "hover",
      "focus",
    ],
    "userSelect": [
      "responsive",
    ],
    "verticalAlign": [
      "responsive",
    ],
    "visibility": [
      "responsive",
    ],
    "whitespace": [
      "responsive",
    ],
    "width": [
      "responsive",
    ],
    "wordBreak": [
      "responsive",
    ],
    "zIndex": [
      "responsive",
      "hover",
      "focus",
    ],
  },
}
`;
