// Jest Snapshot v1, https://goo.gl/fbAQLP

exports[`defaultConfig is accessible 1`] = `
Object {
  "backgroundColors": Object {
    "black": "#000000",
    "facebook": "#4267B2",
    "green-light": "#74CC74",
    "grey-1": "#EBEFF1",
    "grey-2": "#D7DBDF",
    "grey-3": "#A0A7AB",
    "grey-4": "#54575C",
    "grey-bright": "#F9F9FB",
    "grey-dark": "#232A36",
    "grey-dark-opaque": "#A7AAAF",
    "salmon": "#F73B47",
    "salmon-dark": "#ED202D",
    "teal": "#3696B9",
    "teal-dark": "#227D9E",
    "transparent": "transparent",
    "twitter": "#1EA0F2",
    "whatsapp": "#0DC143",
    "white": "#FFFFFF",
  },
  "backgroundSize": Object {
    "auto": "auto",
    "contain": "contain",
    "cover": "cover",
  },
  "borderColors": Object {
    "black": "#000000",
    "default": undefined,
    "facebook": "#4267B2",
    "green-light": "#74CC74",
    "grey-1": "#EBEFF1",
    "grey-2": "#D7DBDF",
    "grey-3": "#A0A7AB",
    "grey-4": "#54575C",
    "grey-bright": "#F9F9FB",
    "grey-dark": "#232A36",
    "grey-dark-opaque": "#A7AAAF",
    "salmon": "#F73B47",
    "salmon-dark": "#ED202D",
    "teal": "#3696B9",
    "teal-dark": "#227D9E",
    "transparent": "transparent",
    "twitter": "#1EA0F2",
    "whatsapp": "#0DC143",
    "white": "#FFFFFF",
  },
  "borderRadius": Object {
    "20": "20px",
    "full": "9999px",
    "half": "50%",
    "none": "0",
  },
  "borderWidths": Object {
    "0": "0",
    "2": "2px",
    "5": "5px",
    "default": "1px",
  },
  "colors": Object {
    "black": "#000000",
    "facebook": "#4267B2",
    "green-light": "#74CC74",
    "grey-1": "#EBEFF1",
    "grey-2": "#D7DBDF",
    "grey-3": "#A0A7AB",
    "grey-4": "#54575C",
    "grey-bright": "#F9F9FB",
    "grey-dark": "#232A36",
    "grey-dark-opaque": "#A7AAAF",
    "salmon": "#F73B47",
    "salmon-dark": "#ED202D",
    "teal": "#3696B9",
    "teal-dark": "#227D9E",
    "transparent": "transparent",
    "twitter": "#1EA0F2",
    "whatsapp": "#0DC143",
    "white": "#FFFFFF",
  },
  "fontWeights": Object {
    "bold": 700,
    "regular": 400,
  },
  "fonts": Object {
    "sans": "Muli, Century Gothic, Lucida Grande, Sans-Serif",
  },
  "height": Object {
    "0": "0",
    "40": "40px",
    "auto": "auto",
    "full": "100%",
    "screen": "100vh",
  },
  "leading": Object {
    "lg": 2.5,
    "md": 2,
    "none": 1,
    "sm": 1.5,
    "xl": 3,
    "xs": 1.25,
    "xxs": 0.9,
  },
  "margin": Object {
    "0": "0",
    "10": "10px",
    "15": "15px",
    "20": "20px",
    "25": "25px",
    "30": "30px",
    "5": "5px",
    "auto": "auto",
    "px": "1px",
  },
  "maxHeight": Object {
    "full": "100%",
  },
  "maxWidth": Object {
    "full": "100%",
  },
  "minHeight": Object {
    "0": "0",
    "auto": "auto",
    "full": "100%",
    "screen": "100vh",
  },
  "minWidth": Object {
    "0": "0",
    "auto": "auto",
    "full": "100%",
    "screen": "100vw",
  },
  "modules": Object {
    "appearance": Array [
      "responsive",
    ],
    "backgroundAttachment": Array [
      "responsive",
    ],
    "backgroundColors": Array [
      "responsive",
      "hover",
      "focus",
    ],
    "backgroundPosition": Array [
      "responsive",
    ],
    "backgroundRepeat": Array [
      "responsive",
    ],
    "backgroundSize": Array [
      "responsive",
    ],
    "borderCollapse": Array [],
    "borderColors": Array [
      "responsive",
      "hover",
      "focus",
    ],
    "borderRadius": Array [
      "responsive",
    ],
    "borderStyle": Array [
      "responsive",
    ],
    "borderWidths": Array [
      "responsive",
      "hover",
    ],
    "cursor": Array [
      "responsive",
    ],
    "display": Array [
      "responsive",
    ],
    "flexbox": Array [
      "responsive",
    ],
    "float": Array [
      "responsive",
    ],
    "fontWeights": Array [
      "responsive",
      "hover",
      "focus",
    ],
    "fonts": Array [
      "responsive",
    ],
    "height": Array [
      "responsive",
    ],
    "leading": Array [
      "responsive",
    ],
    "lists": Array [
      "responsive",
    ],
    "margin": Array [
      "responsive",
    ],
    "maxHeight": Array [
      "responsive",
    ],
    "maxWidth": Array [
      "responsive",
    ],
    "minHeight": Array [
      "responsive",
    ],
    "minWidth": Array [
      "responsive",
    ],
    "negativeMargin": Array [
      "responsive",
    ],
    "opacity": Array [
      "responsive",
      "hover",
    ],
    "outline": Array [
      "focus",
    ],
    "overflow": Array [
      "responsive",
    ],
    "padding": Array [
      "responsive",
    ],
    "pointerEvents": Array [
      "responsive",
    ],
    "position": Array [
      "responsive",
    ],
    "resize": Array [
      "responsive",
    ],
    "shadows": Array [
      "responsive",
      "hover",
      "focus",
    ],
    "svgFill": Array [],
    "svgStroke": Array [],
    "textAlign": Array [
      "responsive",
    ],
    "textColors": Array [
      "responsive",
      "hover",
      "focus",
    ],
    "textSizes": Array [
      "responsive",
    ],
    "textStyle": Array [
      "responsive",
      "hover",
      "focus",
    ],
    "tracking": Array [
      "responsive",
    ],
    "userSelect": Array [
      "responsive",
    ],
    "verticalAlign": Array [
      "responsive",
    ],
    "visibility": Array [
      "responsive",
    ],
    "whitespace": Array [
      "responsive",
    ],
    "width": Array [
      "responsive",
    ],
    "zIndex": Array [
      "responsive",
    ],
  },
  "negativeMargin": Object {
    "0": "0",
    "px": "1px",
  },
  "opacity": Object {
    "0": "0",
    "10": ".1",
    "100": "1",
    "20": ".2",
    "40": ".4",
    "60": ".6",
    "80": ".8",
  },
  "options": Object {
    "important": false,
    "prefix": "",
    "separator": ":",
  },
  "padding": Object {
    "0": "0",
    "10": "10px",
    "15": "15px",
    "20": "20px",
    "25": "25px",
    "30": "30px",
    "5": "5px",
    "auto": "auto",
    "px": "1px",
  },
  "plugins": Array [
    [Function],
    [Function],
  ],
  "rotate": Object {
    "180": "180deg",
  },
  "screens": Object {
    "lg": "992px",
    "md": "768px",
    "sm": "576px",
    "xl": "1200px",
    "xs": "480px",
  },
  "shadows": Object {
    "default": "0 2px 4px 0 rgba(0,0,0,0.10)",
    "hard": "0 4px 18px 0 rgba(35,42,54,0.4)",
    "harder": "0 0 18px 0 rgba(35,42,54,0.8)",
    "none": "none",
    "small": "0 2px 6px 0 rgba(35,42,54,0.1)",
    "soft": "0 4px 18px 0 rgba(35,42,54,0.1)",
  },
  "svgFill": Object {
    "black": "#000000",
    "facebook": "#4267B2",
    "green-light": "#74CC74",
    "grey-1": "#EBEFF1",
    "grey-2": "#D7DBDF",
    "grey-3": "#A0A7AB",
    "grey-4": "#54575C",
    "grey-bright": "#F9F9FB",
    "grey-dark": "#232A36",
    "grey-dark-opaque": "#A7AAAF",
    "salmon": "#F73B47",
    "salmon-dark": "#ED202D",
    "teal": "#3696B9",
    "teal-dark": "#227D9E",
    "transparent": "transparent",
    "twitter": "#1EA0F2",
    "whatsapp": "#0DC143",
    "white": "#FFFFFF",
  },
  "svgStroke": Object {
    "current": "currentColor",
  },
  "textColors": Object {
    "black": "#000000",
    "facebook": "#4267B2",
    "green-light": "#74CC74",
    "grey-1": "#EBEFF1",
    "grey-2": "#D7DBDF",
    "grey-3": "#A0A7AB",
    "grey-4": "#54575C",
    "grey-bright": "#F9F9FB",
    "grey-dark": "#232A36",
    "grey-dark-opaque": "#A7AAAF",
    "salmon": "#F73B47",
    "salmon-dark": "#ED202D",
    "teal": "#3696B9",
    "teal-dark": "#227D9E",
    "transparent": "transparent",
    "twitter": "#1EA0F2",
    "whatsapp": "#0DC143",
    "white": "#FFFFFF",
  },
  "textSizes": Object {
    "0": "0px",
    "2xl": "32px",
    "3xl": "48px",
    "4xl": "72px",
    "base": "16px",
    "lg": "21px",
    "sm": "14px",
    "xl": "24px",
    "xs": "12px",
  },
  "tracking": Object {
    "normal": "0",
    "wide": "1px",
  },
  "width": Object {
    "0": "0",
    "1/12": "8.33333333%",
    "10/12": "83.33333%",
    "11/12": "91.66666667",
    "12/12": "100%",
    "2/12": "16.66667%",
    "3/12": "25%",
    "4/12": "33.33333%",
    "5/12": "41.66666667%",
    "6/12": "50%",
    "7/12": "58.33333333%",
    "8/12": "66.66667%",
    "9/12": "75%",
    "auto": "auto",
    "screen": "100vw",
  },
  "zIndex": Object {
    "auto": "auto",
    "negative": -1,
  },
}
`;

exports[`tailwind defaultConfig is accessible 1`] = `
Object {
  "backgroundColors": Object {
    "black": "#000000",
    "facebook": "#4267B2",
    "green-light": "#74CC74",
    "grey-1": "#EBEFF1",
    "grey-2": "#D7DBDF",
    "grey-3": "#A0A7AB",
    "grey-4": "#54575C",
    "grey-bright": "#F9F9FB",
    "grey-dark": "#232A36",
    "grey-dark-opaque": "#A7AAAF",
    "salmon": "#F73B47",
    "salmon-dark": "#ED202D",
    "teal": "#3696B9",
    "teal-dark": "#227D9E",
    "transparent": "transparent",
    "twitter": "#1EA0F2",
    "whatsapp": "#0DC143",
    "white": "#FFFFFF",
  },
  "backgroundSize": Object {
    "auto": "auto",
    "contain": "contain",
    "cover": "cover",
  },
  "borderColors": Object {
    "black": "#000000",
    "default": undefined,
    "facebook": "#4267B2",
    "green-light": "#74CC74",
    "grey-1": "#EBEFF1",
    "grey-2": "#D7DBDF",
    "grey-3": "#A0A7AB",
    "grey-4": "#54575C",
    "grey-bright": "#F9F9FB",
    "grey-dark": "#232A36",
    "grey-dark-opaque": "#A7AAAF",
    "salmon": "#F73B47",
    "salmon-dark": "#ED202D",
    "teal": "#3696B9",
    "teal-dark": "#227D9E",
    "transparent": "transparent",
    "twitter": "#1EA0F2",
    "whatsapp": "#0DC143",
    "white": "#FFFFFF",
  },
  "borderRadius": Object {
    "20": "20px",
    "full": "9999px",
    "half": "50%",
    "none": "0",
  },
  "borderWidths": Object {
    "0": "0",
    "2": "2px",
    "5": "5px",
    "default": "1px",
  },
  "colors": Object {
    "black": "#000000",
    "facebook": "#4267B2",
    "green-light": "#74CC74",
    "grey-1": "#EBEFF1",
    "grey-2": "#D7DBDF",
    "grey-3": "#A0A7AB",
    "grey-4": "#54575C",
    "grey-bright": "#F9F9FB",
    "grey-dark": "#232A36",
    "grey-dark-opaque": "#A7AAAF",
    "salmon": "#F73B47",
    "salmon-dark": "#ED202D",
    "teal": "#3696B9",
    "teal-dark": "#227D9E",
    "transparent": "transparent",
    "twitter": "#1EA0F2",
    "whatsapp": "#0DC143",
    "white": "#FFFFFF",
  },
  "fontWeights": Object {
    "bold": 700,
    "regular": 400,
  },
  "fonts": Object {
    "sans": "Muli, Century Gothic, Lucida Grande, Sans-Serif",
  },
  "height": Object {
    "0": "0",
    "40": "40px",
    "auto": "auto",
    "full": "100%",
    "screen": "100vh",
  },
  "leading": Object {
    "lg": 2.5,
    "md": 2,
    "none": 1,
    "sm": 1.5,
    "xl": 3,
    "xs": 1.25,
    "xxs": 0.9,
  },
  "margin": Object {
    "0": "0",
    "10": "10px",
    "15": "15px",
    "20": "20px",
    "25": "25px",
    "30": "30px",
    "5": "5px",
    "auto": "auto",
    "px": "1px",
  },
  "maxHeight": Object {
    "full": "100%",
  },
  "maxWidth": Object {
    "full": "100%",
  },
  "minHeight": Object {
    "0": "0",
    "auto": "auto",
    "full": "100%",
    "screen": "100vh",
  },
  "minWidth": Object {
    "0": "0",
    "auto": "auto",
    "full": "100%",
    "screen": "100vw",
  },
  "modules": Object {
    "appearance": Array [
      "responsive",
    ],
    "backgroundAttachment": Array [
      "responsive",
    ],
    "backgroundColors": Array [
      "responsive",
      "hover",
      "focus",
    ],
    "backgroundPosition": Array [
      "responsive",
    ],
    "backgroundRepeat": Array [
      "responsive",
    ],
    "backgroundSize": Array [
      "responsive",
    ],
    "borderCollapse": Array [],
    "borderColors": Array [
      "responsive",
      "hover",
      "focus",
    ],
    "borderRadius": Array [
      "responsive",
    ],
    "borderStyle": Array [
      "responsive",
    ],
    "borderWidths": Array [
      "responsive",
      "hover",
    ],
    "cursor": Array [
      "responsive",
    ],
    "display": Array [
      "responsive",
    ],
    "flexbox": Array [
      "responsive",
    ],
    "float": Array [
      "responsive",
    ],
    "fontWeights": Array [
      "responsive",
      "hover",
      "focus",
    ],
    "fonts": Array [
      "responsive",
    ],
    "height": Array [
      "responsive",
    ],
    "leading": Array [
      "responsive",
    ],
    "lists": Array [
      "responsive",
    ],
    "margin": Array [
      "responsive",
    ],
    "maxHeight": Array [
      "responsive",
    ],
    "maxWidth": Array [
      "responsive",
    ],
    "minHeight": Array [
      "responsive",
    ],
    "minWidth": Array [
      "responsive",
    ],
    "negativeMargin": Array [
      "responsive",
    ],
    "opacity": Array [
      "responsive",
      "hover",
    ],
    "outline": Array [
      "focus",
    ],
    "overflow": Array [
      "responsive",
    ],
    "padding": Array [
      "responsive",
    ],
    "pointerEvents": Array [
      "responsive",
    ],
    "position": Array [
      "responsive",
    ],
    "resize": Array [
      "responsive",
    ],
    "shadows": Array [
      "responsive",
      "hover",
      "focus",
    ],
    "svgFill": Array [],
    "svgStroke": Array [],
    "textAlign": Array [
      "responsive",
    ],
    "textColors": Array [
      "responsive",
      "hover",
      "focus",
    ],
    "textSizes": Array [
      "responsive",
    ],
    "textStyle": Array [
      "responsive",
      "hover",
      "focus",
    ],
    "tracking": Array [
      "responsive",
    ],
    "userSelect": Array [
      "responsive",
    ],
    "verticalAlign": Array [
      "responsive",
    ],
    "visibility": Array [
      "responsive",
    ],
    "whitespace": Array [
      "responsive",
    ],
    "width": Array [
      "responsive",
    ],
    "zIndex": Array [
      "responsive",
    ],
  },
  "negativeMargin": Object {
    "0": "0",
    "px": "1px",
  },
  "opacity": Object {
    "0": "0",
    "10": ".1",
    "100": "1",
    "20": ".2",
    "40": ".4",
    "60": ".6",
    "80": ".8",
  },
  "options": Object {
    "important": false,
    "prefix": "",
    "separator": ":",
  },
  "padding": Object {
    "0": "0",
    "10": "10px",
    "15": "15px",
    "20": "20px",
    "25": "25px",
    "30": "30px",
    "5": "5px",
    "auto": "auto",
    "px": "1px",
  },
  "plugins": Array [
    [Function],
    [Function],
  ],
  "rotate": Object {
    "180": "180deg",
  },
  "screens": Object {
    "lg": "992px",
    "md": "768px",
    "sm": "576px",
    "xl": "1200px",
    "xs": "480px",
  },
  "shadows": Object {
    "default": "0 2px 4px 0 rgba(0,0,0,0.10)",
    "hard": "0 4px 18px 0 rgba(35,42,54,0.4)",
    "harder": "0 0 18px 0 rgba(35,42,54,0.8)",
    "none": "none",
    "small": "0 2px 6px 0 rgba(35,42,54,0.1)",
    "soft": "0 4px 18px 0 rgba(35,42,54,0.1)",
  },
  "svgFill": Object {
    "black": "#000000",
    "facebook": "#4267B2",
    "green-light": "#74CC74",
    "grey-1": "#EBEFF1",
    "grey-2": "#D7DBDF",
    "grey-3": "#A0A7AB",
    "grey-4": "#54575C",
    "grey-bright": "#F9F9FB",
    "grey-dark": "#232A36",
    "grey-dark-opaque": "#A7AAAF",
    "salmon": "#F73B47",
    "salmon-dark": "#ED202D",
    "teal": "#3696B9",
    "teal-dark": "#227D9E",
    "transparent": "transparent",
    "twitter": "#1EA0F2",
    "whatsapp": "#0DC143",
    "white": "#FFFFFF",
  },
  "svgStroke": Object {
    "current": "currentColor",
  },
  "textColors": Object {
    "black": "#000000",
    "facebook": "#4267B2",
    "green-light": "#74CC74",
    "grey-1": "#EBEFF1",
    "grey-2": "#D7DBDF",
    "grey-3": "#A0A7AB",
    "grey-4": "#54575C",
    "grey-bright": "#F9F9FB",
    "grey-dark": "#232A36",
    "grey-dark-opaque": "#A7AAAF",
    "salmon": "#F73B47",
    "salmon-dark": "#ED202D",
    "teal": "#3696B9",
    "teal-dark": "#227D9E",
    "transparent": "transparent",
    "twitter": "#1EA0F2",
    "whatsapp": "#0DC143",
    "white": "#FFFFFF",
  },
  "textSizes": Object {
    "0": "0px",
    "2xl": "32px",
    "3xl": "48px",
    "4xl": "72px",
    "base": "16px",
    "lg": "21px",
    "sm": "14px",
    "xl": "24px",
    "xs": "12px",
  },
  "tracking": Object {
    "normal": "0",
    "wide": "1px",
  },
  "width": Object {
    "0": "0",
    "1/12": "8.33333333%",
    "10/12": "83.33333%",
    "11/12": "91.66666667",
    "12/12": "100%",
    "2/12": "16.66667%",
    "3/12": "25%",
    "4/12": "33.33333%",
    "5/12": "41.66666667%",
    "6/12": "50%",
    "7/12": "58.33333333%",
    "8/12": "66.66667%",
    "9/12": "75%",
    "auto": "auto",
    "screen": "100vw",
  },
  "zIndex": Object {
    "auto": "auto",
    "negative": -1,
  },
}
`;
