// Jest Snapshot v1, https://goo.gl/fbAQLP

exports[`RangeSelect renders RangeSelect correctly 1`] = `
<div>
  <div>
    <div
      class="inline-block w-6/12"
    >
      <div
        class="w-12/12 relative"
      >
        <div
          aria-expanded="false"
          aria-haspopup="listbox"
          aria-labelledby=""
          class="w-12/12"
          role="combobox"
        >
          <button
            aria-haspopup="true"
            aria-label="open menu"
            class="w-12/12 cursor-pointer transition duration-200 focus:outline-none"
            data-testid="dropdown-toggle"
            data-toggle="true"
            role="button"
            type="button"
          >
            <div
              class="relative pb-px"
            >
              <div
                class="validation-inputContainer mb-20"
              >
                <div
                  class="relative flex w-12/12 clearButton-container"
                >
                  <div
                    class="w-12/12 text-left select-toggle input_withClearButton input_left hover:z-1 hover:transition hover:duration-200 focus:z-1 select bg-white select_closed text-grey-4"
                    data-valid="true"
                  >
                    min
                  </div>
                </div>
              </div>
              <div />
            </div>
          </button>
        </div>
      </div>
    </div>
    <div
      class="inline-block w-6/12"
    >
      <div
        class="w-12/12 relative"
      >
        <div
          aria-expanded="false"
          aria-haspopup="listbox"
          aria-labelledby=""
          class="w-12/12"
          role="combobox"
        >
          <button
            aria-haspopup="true"
            aria-label="open menu"
            class="w-12/12 cursor-pointer transition duration-200 focus:outline-none"
            data-testid="dropdown-toggle"
            data-toggle="true"
            role="button"
            type="button"
          >
            <div
              class="relative pb-px"
            >
              <div
                class="validation-inputContainer mb-20"
              >
                <div
                  class="relative flex w-12/12 clearButton-container"
                >
                  <div
                    class="w-12/12 text-left select-toggle input_withClearButton input_right -ml-1 hover:z-1 hover:transition hover:duration-200 focus:z-1 select bg-white select_closed text-grey-4"
                    data-valid="true"
                  >
                    max
                  </div>
                </div>
              </div>
              <div />
            </div>
          </button>
        </div>
      </div>
    </div>
  </div>
</div>
`;
