// Jest Snapshot v1, https://goo.gl/fbAQLP

exports[`RangeSelect renders RangeSelect correctly 1`] = `
<div>
  <div
    class="relative inline-flex"
  >
    <div
      class="inline-block w-6/12"
    >
      <div
        aria-expanded="false"
        aria-haspopup="listbox"
        aria-labelledby=""
        class="w-12/12"
        role="combobox"
      >
        <div
          class="relative pb-px"
        >
          <div
            class="validation-inputContainer mb-20"
          >
            <div
              class="relative flex w-12/12 clearButton-container"
            >
              <input
                aria-autocomplete="list"
                aria-labelledby=""
                autocomplete="off"
                autocorrect="off"
                class="input_withClearButton input_left hover:z-1 hover:transition hover:duration-200 focus:z-1 select bg-white select_closed cursor-text w-12/12 overflow-hidden"
                data-testid="nameFrom"
                data-valid="true"
                id="nameFrom"
                inputmode="numeric"
                name="nameFrom"
                placeholder="min"
                spellcheck="false"
                type="number"
                value=""
              />
            </div>
          </div>
          <div />
        </div>
      </div>
    </div>
    <div
      class="inline-block w-6/12"
    >
      <div
        aria-expanded="false"
        aria-haspopup="listbox"
        aria-labelledby=""
        class="w-12/12"
        role="combobox"
      >
        <div
          class="relative pb-px"
        >
          <div
            class="validation-inputContainer mb-20"
          >
            <div
              class="relative flex w-12/12 clearButton-container"
            >
              <input
                aria-autocomplete="list"
                aria-labelledby=""
                autocomplete="off"
                autocorrect="off"
                class="input_withClearButton input_right -ml-1 hover:z-1 hover:transition hover:duration-200 focus:z-1 select bg-white select_closed cursor-text w-12/12 overflow-hidden"
                data-testid="nameTo"
                data-valid="true"
                id="nameTo"
                inputmode="numeric"
                name="nameTo"
                placeholder="max"
                spellcheck="false"
                type="number"
                value=""
              />
            </div>
          </div>
          <div />
        </div>
      </div>
    </div>
  </div>
</div>
`;
